<testsuites name="results">
  <testsuite name="all" package="all">
    <property name="random_seed" value="1756159566" />
    <testcase name="tt_um_gray_sobel_gray" classname="tt_um_gray_sobel_TB" file="/home/dnmaldonador/Documents/Materias/Maestria/tiny_tapeout/ttsky_grayscale_sobel/test/tt_um_gray_sobel_TB.py" lineno="205" time="0.9641592502593994" sim_time_ns="199.32" ratio_time="206.7293343359767" />
    <testcase name="tt_um_gray_sobel_sobel" classname="tt_um_gray_sobel_TB" file="/home/dnmaldonador/Documents/Materias/Maestria/tiny_tapeout/ttsky_grayscale_sobel/test/tt_um_gray_sobel_TB.py" lineno="251" time="3.15729022026062" sim_time_ns="663.4200000000001" ratio_time="210.1232239414588" />
    <testcase name="tt_um_gray_sobel_gray_sobel" classname="tt_um_gray_sobel_TB" file="/home/dnmaldonador/Documents/Materias/Maestria/tiny_tapeout/ttsky_grayscale_sobel/test/tt_um_gray_sobel_TB.py" lineno="310" time="2.932772636413574" sim_time_ns="663.4200000000001" ratio_time="226.2091482179411" />
  </testsuite>
</testsuites>
